
12diffNumSheets.xlsx-sheetIdx:1-NUM SHEETS MISMATCH
20221201_DTCR_ChefablesReprint_Los Angeles.xlsx-sheetIdx:0-
20221201_DTCR_ChefablesReprint_Los Angeles.xlsx-sheetIdx:1-
20221201_DTCR_ChefablesReprint_Los Angeles.xlsx-sheetIdx:2-
20221201_DTCR_ChefablesReprint_Los Angeles.xlsx-sheetIdx:3-
20221201_DTCR_ChefablesReprint_Los Angeles.xlsx-sheetIdx:4-
20221201_DTCR_ChefablesReprint_Los Angeles.xlsx-sheetIdx:5-
20221201_DTCR_ChefablesReprint_Los Angeles.xlsx-sheetIdx:6-
20221201_DTCR_ChefablesReprint_Los Angeles.xlsx-sheetIdx:7-
20221201_DTCR_ChefablesReprint_Los Angeles.xlsx-sheetIdx:8-
20221201_DTCR_ChefablesReprint_Los Angeles.xlsx-sheetIdx:9-
20221201_DTCR_ChefablesReprint_Los Angeles.xlsx-sheetIdx:10-
20221201_DTCR_ChefablesReprint_Los Angeles.xlsx-sheetIdx:11-
20221201_DTCR_ChefablesReprint_Los Angeles.xlsx-sheetIdx:12-
20221201_DTCR_ChefablesReprint_Los Angeles.xlsx-sheetIdx:13-
20221201_DTCR_ChefablesReprint_Los Angeles.xlsx-sheetIdx:14-
20221201_DTCR_ChefablesReprint_Los Angeles.xlsx-sheetIdx:15-
20221201_DTCR_ChefablesReprint_Los Angeles.xlsx-sheetIdx:16-
20221201_DTCR_ChefablesReprint_Los Angeles.xlsx-sheetIdx:17-
20221201_DTCR_ChefablesReprint_Los Angeles.xlsx-sheetIdx:18-
20221201_DTCR_ChefablesReprint_Los Angeles.xlsx-sheetIdx:19-
20221201_DTCR_ChefablesReprint_Los Angeles.xlsx-sheetIdx:20-
20221201_DTCR_ChefablesReprint_Los Angeles.xlsx-sheetIdx:21-
20221201_DTCR_ChefablesReprint_Los Angeles.xlsx-sheetIdx:22-
20221201_DTCR_ChefablesReprint_Los Angeles.xlsx-sheetIdx:23-
20221201_DTCR_ChefablesReprint_Los Angeles.xlsx-sheetIdx:24-
20221201_DTCR_ChefablesReprint_Los Angeles.xlsx-sheetIdx:25-
20221201_DTCR_ChefablesReprint_Los Angeles.xlsx-sheetIdx:26-
20221201_DTCR_ChefablesReprint_Los Angeles.xlsx-sheetIdx:27-
20221201_DTCR_ChefablesReprint_Los Angeles.xlsx-sheetIdx:28-
20221201_DTCR_ChefablesReprint_Los Angeles.xlsx-sheetIdx:29-
20221201_DTCR_ChefablesReprint_Los Angeles.xlsx-sheetIdx:30-
20221201_DTCR_ChefablesReprint_Los Angeles.xlsx-sheetIdx:31-
20221201_DTCR_ChefablesReprint_Los Angeles.xlsx-sheetIdx:32-
20221201_DTCR_ChefablesReprint_Los Angeles.xlsx-sheetIdx:33-
20221201_DTCR_ChefablesReprint_Los Angeles.xlsx-sheetIdx:34-
20221201_DTCR_ChefablesReprint_Los Angeles.xlsx-sheetIdx:35-
20221201_DTCR_ChefablesReprint_Los Angeles.xlsx-sheetIdx:36-
20221201_DTCR_ChefablesReprint_Los Angeles.xlsx-sheetIdx:37-
20221201_DTCR_ChefablesReprint_Los Angeles.xlsx-sheetIdx:38-
20221201_DTCR_ChefablesReprint_Los Angeles.xlsx-sheetIdx:39-
20221201_DTCR_ChefablesReprint_Los Angeles.xlsx-sheetIdx:40-
20221201_DTCR_ChefablesReprint_Los Angeles.xlsx-sheetIdx:41-
20221201_DTCR_ChefablesReprint_Los Angeles.xlsx-sheetIdx:42-
20221201_DTCR_ChefablesReprint_Los Angeles.xlsx-sheetIdx:43-
20221201_DTCR_ChefablesReprint_Los Angeles.xlsx-sheetIdx:44-
20221201_DTCR_ChefablesReprint_Los Angeles.xlsx-sheetIdx:45-
20221201_DTCR_ChefablesReprint_Los Angeles.xlsx-sheetIdx:46-
20221201_DTCR_ChefablesReprint_Los Angeles.xlsx-sheetIdx:47-
20221201_DTCR_ChefablesReprint_Los Angeles.xlsx-sheetIdx:48-
20221201_DTCR_ChefablesReprint_Los Angeles.xlsx-sheetIdx:49-
20221201_DTCR_ChefablesReprint_Los Angeles.xlsx-sheetIdx:50-
20221201_DTCR_ChefablesReprint_Los Angeles.xlsx-sheetIdx:51-
20221201_DTCR_ChefablesReprint_Los Angeles.xlsx-sheetIdx:52-
20221201_DTCR_ChefablesReprint_Los Angeles.xlsx-sheetIdx:53-
20221201_DTCR_ChefablesReprint_Los Angeles.xlsx-sheetIdx:54-